../Core/Src/i2c_sw.c:22:6:TIMER__Wait_us	16	static
../Core/Src/i2c_sw.c:28:6:SW_I2C_initial	24	static
../Core/Src/i2c_sw.c:42:6:GPIO_SetBits	16	static
../Core/Src/i2c_sw.c:47:6:GPIO_ResetBits	16	static
../Core/Src/i2c_sw.c:52:9:GPIO_ReadInputDataBit	24	static
../Core/Src/i2c_sw.c:59:6:sda_high	16	static
../Core/Src/i2c_sw.c:64:6:sda_low	16	static
../Core/Src/i2c_sw.c:69:6:scl_high	16	static
../Core/Src/i2c_sw.c:74:6:scl_low	16	static
../Core/Src/i2c_sw.c:79:6:sda_out	16	static
../Core/Src/i2c_sw.c:91:6:sda_in_mode	32	static
../Core/Src/i2c_sw.c:105:6:sda_out_mode	32	static
../Core/Src/i2c_sw.c:119:6:scl_in_mode	32	static
../Core/Src/i2c_sw.c:133:6:scl_out_mode	32	static
../Core/Src/i2c_sw.c:147:6:i2c_clk_data_out	16	static
../Core/Src/i2c_sw.c:155:6:i2c_port_initial	16	static
../Core/Src/i2c_sw.c:161:6:i2c_start_condition	16	static
../Core/Src/i2c_sw.c:174:6:i2c_stop_condition	16	static
../Core/Src/i2c_sw.c:184:9:i2c_check_ack	32	static
../Core/Src/i2c_sw.c:213:6:i2c_check_not_ack	16	static
../Core/Src/i2c_sw.c:221:6:i2c_check_not_ack_continue	16	static
../Core/Src/i2c_sw.c:229:6:i2c_slave_address	24	static
../Core/Src/i2c_sw.c:253:6:i2c_register_address	24	static
../Core/Src/i2c_sw.c:268:6:i2c_send_ack	16	static
../Core/Src/i2c_sw.c:289:9:SW_I2C_ReadVal_SDA	16	static
../Core/Src/i2c_sw.c:296:9:SW_I2C_ReadVal_SCL	16	static
../Core/Src/i2c_sw.c:304:6:SW_I2C_Write_Data	24	static
../Core/Src/i2c_sw.c:319:9:SW_I2C_Read_Data	24	static
../Core/Src/i2c_sw.c:344:9:SW_I2C_WriteControl_8Bit	32	static
../Core/Src/i2c_sw.c:379:9:SW_I2C_WriteControl_8Bit_OnlyRegAddr	24	static
../Core/Src/i2c_sw.c:402:9:SW_I2C_WriteControl_16Bit	32	static
../Core/Src/i2c_sw.c:445:9:SW_I2C_ReadControl_8Bit_OnlyRegAddr	24	static
../Core/Src/i2c_sw.c:472:9:SW_I2C_ReadControl_8Bit_OnlyData	24	static
../Core/Src/i2c_sw.c:494:10:SW_I2C_ReadControl_16Bit_OnlyData	24	static
../Core/Src/i2c_sw.c:522:9:SW_I2C_ReadControl_8Bit	24	static
../Core/Src/i2c_sw.c:554:10:SW_I2C_ReadControl_16Bit	32	static
../Core/Src/i2c_sw.c:590:9:SW_I2C_ReadnControl_8Bit	32	static
../Core/Src/i2c_sw.c:628:9:SW_I2C_Multi_ReadnControl_8Bit	32	static
../Core/Src/i2c_sw.c:668:9:SW_I2C_Check_SlaveAddr	24	static
../Core/Src/i2c_sw.c:683:9:SW_I2C_UTIL_WRITE	24	static
../Core/Src/i2c_sw.c:688:9:SW_I2C_UTIL_Read	16	static
../Core/Src/i2c_sw.c:693:9:SW_I2C_UTIL_Read_Multi	32	static
